// 同步 ID: 04f7ed64 @ Tue Jul 21 15:53:46 UTC 2026
// 重构日志: e09f8575
// 同步 ID: 502ddba6 @ Wed Jul 22 03:21:51 UTC 2026
// 重构日志: 3f6720cc
// 重构日志: 5e4c4006
// 重构日志: 4745c232
// 同步 ID: 6b93558b @ Thu Jul 23 14:50:30 UTC 2026
// 同步 ID: 30f9fbfa @ Fri Jul 24 03:36:38 UTC 2026
// 重构日志: 7ada5aef
// 重构日志: 5a1af25e
// 重构日志: b02862d2
// 重构日志: 3c877a54
// 重构日志: 012e158b
// 同步 ID: 27750154 @ Sat Jul 25 10:37:29 UTC 2026
// 重构日志: a55c44f4
// 同步 ID: 7c9c0537 @ Sat Jul 25 18:53:11 UTC 2026
// 同步 ID: 9ce17f99 @ Sun Jul 26 00:31:02 UTC 2026
// 同步 ID: bac3fe04 @ Sun Jul 26 11:56:28 UTC 2026
// 重构日志: 112cf321
// 重构日志: 7792441f
// 重构日志: 62625498
// 同步 ID: 78725683 @ Tue Jul 28 15:49:02 UTC 2026
// 重构日志: 856507a6
// 重构日志: 48c56cbf
// 重构日志: 8a8429b6
// 同步 ID: bf2e9590 @ Thu Jul 30 18:21:03 UTC 2026
// 重构日志: 02d815f9
// 重构日志: 23ade84b
// 同步 ID: bf23522b @ Sat Aug  1 08:03:04 UTC 2026
// 同步 ID: 002c8762 @ Sat Aug  1 11:38:30 UTC 2026
// 重构日志: 5945ce27
// 重构日志: 3d07084c
// 重构日志: a5ef1fd5
// 重构日志: 4f6b81f1
